// Jest Snapshot v1, https://goo.gl/fbAQLP

exports[`<Header /> should render 1`] = `
<header
  className="App-Header"
>
  <img
    alt="Rantanplan"
    className="App-Logo"
    src="rantanplan-250.png"
  />
  <div
    className="App-Title"
  >
    <h1
      className="App-Title-Content"
    >
      Rantanplan
    </h1>
    <h2
      className="App-Title-Subtitle"
    >
      Modern Monitoring & Analytics (For Localhost)
    </h2>
  </div>
</header>
`;
